Program
  List
    Func ID="a"
      List
    Func ID="b"
      List
