Program
  List
    Func ID="a"
      List
      List
        Decl ID="x"
          Opt
        Decl ID="y"
          Opt
        Assi ID="x"
          Mul
            Num NUM="5"
            Num NUM="5"
        Assi ID="y"
          IdUse ID="x"
        Assi ID="x"
          Add
            Num NUM="5"
            Num NUM="5"
        Assi ID="y"
          Add
            Mul
              Num NUM="3"
              Num NUM="4"
            Mul
              Num NUM="5"
              Num NUM="6"
