Error at line 9: symbol 'a' is already declared!
