int gcd1(Stat, Stat) {
while(Stat) {
    if(Stat) {
      Stat
    }     else {
      Stat
    }
}
  Stat
}
int gcd2(Stat, Stat) {
  if(Stat) {
    Stat
  } 
  Stat
}
int main() {
  Stat
  Stat
  Stat
  Stat
  Stat
  Stat
  Stat
  Stat
  Stat
}

